// Jest Snapshot v1, https://goo.gl/fbAQLP

exports[`RemoveMemoryButton renders correctly 1`] = `
style = Object {
    "borderColor": "#9EABBC",
    "borderBottomWidth": 0,
    "borderLeftWidth": 0,
    "borderRightWidth": 0,
    "borderTopWidth": 0,
    "fontSize": 13,
    "lineHeight": 16,
    "color": "#EA3154",
    "fontFamily": "SF Pro Text",
    "fontWeight": "700"
}

<View
  accessibilityComponentType={undefined}
  accessibilityLabel={undefined}
  accessibilityTraits={undefined}
  accessible={true}
  collapsable={undefined}
  hitSlop={undefined}
  isTVSelectable={true}
  nativeID={undefined}
  onLayout={undefined}
  onResponderGrant={[Function]}
  onResponderMove={[Function]}
  onResponderRelease={[Function]}
  onResponderTerminate={[Function]}
  onResponderTerminationRequest={[Function]}
  onStartShouldSetResponder={[Function]}
  style={
    Object {
      "alignItems": "center",
      "flex": 1,
      "justifyContent": "center",
      "marginRight": 10,
      "opacity": 1,
      "padding": 16,
    }
  }
  testID={undefined}
  tvParallaxProperties={undefined}
>
  <Text
    accessible={true}
    allowFontScaling={true}
    ellipsizeMode="tail"
    style={
      Object {
        "borderBottomWidth": 0,
        "borderColor": "#9EABBC",
        "borderLeftWidth": 0,
        "borderRightWidth": 0,
        "borderTopWidth": 0,
        "color": "#EA3154",
        "fontFamily": "SF Pro Text",
        "fontSize": 13,
        "fontWeight": "700",
        "lineHeight": 16,
      }
    }
  >
    delete this memory
  </Text>
</View>
`;
