// Jest Snapshot v1, https://goo.gl/fbAQLP

exports[`it renders correctly 1`] = `
style = Object {
    "paddingBottom": 10,
    "paddingLeft": 10,
    "paddingRight": 10,
    "paddingTop": 10,
    "borderColor": "#9EABBC",
    "borderBottomWidth": 0,
    "borderLeftWidth": 0,
    "borderRightWidth": 0,
    "borderTopWidth": 0,
    "marginBottom": 16,
    "flex": 1,
    "backgroundColor": "#FFFFFF",
    "alignItems": "center",
    "borderBottomLeftRadius": 4,
    "borderBottomRightRadius": 4,
    "borderTopLeftRadius": 4,
    "borderTopRightRadius": 4,
    "justifyContent": "center",
    "shadowColor": "#000",
    "shadowOpacity": 0.15,
    "shadowRadius": 3,
    "shadowOffset": {
        "height": 1,
        "width": 0
    },
    "borderRadius": 4,
    "overflow": "hidden",
    "flexDirection": "row",
    "marginLeft": 8,
    "fontSize": 19.147659412894374,
    "lineHeight": 32,
    "color": "#454D56",
    "fontFamily": "SF Pro Display",
    "fontWeight": "700"
}

<View
  contentSpacing={true}
  style={
    Object {
      "borderBottomWidth": 0,
      "borderColor": "#9EABBC",
      "borderLeftWidth": 0,
      "borderRightWidth": 0,
      "borderTopWidth": 0,
      "paddingBottom": 10,
      "paddingLeft": 10,
      "paddingRight": 10,
      "paddingTop": 10,
    }
  }
>
  <View
    onLayout={[Function]}
    onPress={undefined}
    style={
      Object {
        "alignItems": "stretch",
        "backgroundColor": "#FFFFFF",
        "borderBottomLeftRadius": 4,
        "borderBottomRightRadius": 4,
        "borderBottomWidth": 0,
        "borderColor": "#9EABBC",
        "borderLeftWidth": 0,
        "borderRightWidth": 0,
        "borderTopLeftRadius": 4,
        "borderTopRightRadius": 4,
        "borderTopWidth": 0,
        "flex": 1,
        "justifyContent": "center",
        "marginBottom": 16,
        "paddingBottom": 0,
        "paddingLeft": 0,
        "paddingRight": 0,
        "paddingTop": 0,
        "shadowColor": "#000",
        "shadowOffset": Object {
          "height": 1,
          "width": 0,
        },
        "shadowOpacity": 0.15,
        "shadowRadius": 3,
      }
    }
  >
    <View
      style={
        Object {
          "borderBottomWidth": 0,
          "borderColor": "#9EABBC",
          "borderLeftWidth": 0,
          "borderRadius": 4,
          "borderRightWidth": 0,
          "borderTopWidth": 0,
          "overflow": "hidden",
        }
      }
    >
      <View
        style={
          Array [
            Object {
              "flex": 1,
            },
            Object {
              "height": 450,
              "width": 730,
            },
          ]
        }
      >
        <Image
          resizeMode="cover"
          source={
            Object {
              "testUri": "../../../core/images/gross_motor_large.jpg",
            }
          }
          style={
            Array [
              Object {
                "bottom": 0,
                "left": 0,
                "position": "absolute",
                "right": 0,
                "top": 0,
              },
              Object {
                "height": undefined,
                "width": undefined,
              },
              undefined,
            ]
          }
        />
        <View
          style={
            Object {
              "flex": 1,
            }
          }
        >
          <View
            style={
              Array [
                Object {
                  "alignItems": "center",
                  "backgroundColor": "rgb(116, 130, 148)",
                  "bottom": 0,
                  "flex": 1,
                  "justifyContent": "center",
                  "left": 0,
                  "opacity": 0.4,
                  "position": "absolute",
                  "right": 0,
                  "top": 0,
                },
                Object {},
              ]
            }
          />
          <View
            style={
              Array [
                Object {
                  "alignItems": "center",
                  "alignSelf": "stretch",
                  "backgroundColor": "transparent",
                  "flex": 1,
                  "flexDirection": "column",
                  "justifyContent": "center",
                },
                Object {
                  "alignItems": "flex-start",
                  "justifyContent": "flex-start",
                  "paddingLeft": 16,
                  "paddingTop": 16,
                },
              ]
            }
          >
            <View
              style={
                Object {
                  "alignItems": "center",
                  "borderBottomWidth": 0,
                  "borderColor": "#9EABBC",
                  "borderLeftWidth": 0,
                  "borderRightWidth": 0,
                  "borderTopWidth": 0,
                  "flexDirection": "row",
                  "justifyContent": "center",
                }
              }
            >
              <Text
                accessible={true}
                allowFontScaling={false}
                ellipsizeMode="tail"
                style={
                  Array [
                    Object {
                      "color": "white",
                      "fontSize": 20,
                    },
                    Object {
                      "marginTop": 2,
                    },
                    Object {
                      "fontFamily": "Ionicons",
                      "fontStyle": "normal",
                      "fontWeight": "normal",
                    },
                  ]
                }
              >
                
              </Text>
              <Text
                accessible={true}
                allowFontScaling={true}
                ellipsizeMode="tail"
                style={
                  Object {
                    "borderBottomWidth": 0,
                    "borderColor": "#9EABBC",
                    "borderLeftWidth": 0,
                    "borderRightWidth": 0,
                    "borderTopWidth": 0,
                    "color": "#FFFFFF",
                    "fontFamily": "SF Pro Text",
                    "fontSize": 13,
                    "fontWeight": "700",
                    "lineHeight": 16,
                    "marginLeft": 8,
                  }
                }
              >
                AUGUST 20 2017
              </Text>
            </View>
          </View>
        </View>
      </View>
      <View
        contentSpacing={true}
        style={
          Object {
            "borderBottomWidth": 0,
            "borderColor": "#9EABBC",
            "borderLeftWidth": 0,
            "borderRightWidth": 0,
            "borderTopWidth": 0,
            "flexDirection": "row",
            "justifyContent": "center",
            "paddingBottom": 10,
            "paddingLeft": 10,
            "paddingRight": 10,
            "paddingTop": 10,
          }
        }
      >
        <Text
          accessible={true}
          allowFontScaling={true}
          ellipsizeMode="tail"
          style={
            Object {
              "borderBottomWidth": 0,
              "borderColor": "#9EABBC",
              "borderLeftWidth": 0,
              "borderRightWidth": 0,
              "borderTopWidth": 0,
              "color": "#454D56",
              "flex": 1,
              "fontFamily": "SF Pro Display",
              "fontSize": 19.147659412894374,
              "lineHeight": 32,
            }
          }
        >
          This Week's Stimulation Guide
        </Text>
        <View
          style={
            Object {
              "alignItems": "center",
              "borderBottomWidth": 0,
              "borderColor": "#9EABBC",
              "borderLeftWidth": 0,
              "borderRightWidth": 0,
              "borderTopWidth": 0,
              "justifyContent": "center",
            }
          }
        >
          <Text
            accessible={true}
            allowFontScaling={false}
            ellipsizeMode="tail"
            style={
              Array [
                Object {
                  "color": "#748294",
                  "fontSize": 20,
                },
                Object {
                  "marginTop": 2,
                },
                Object {
                  "fontFamily": "Ionicons",
                  "fontStyle": "normal",
                  "fontWeight": "normal",
                },
              ]
            }
          >
            
          </Text>
        </View>
      </View>
    </View>
  </View>
</View>
`;
