// Jest Snapshot v1, https://goo.gl/fbAQLP

exports[`it renders correctly 1`] = `
<View
  style={
    Object {
      "alignItems": "center",
      "backgroundColor": "transparent",
      "flex": 1,
      "flexDirection": "row",
      "marginTop": -5,
    }
  }
>
  <View
    style={
      Object {
        "alignItems": "center",
        "borderColor": "rgba(255,255,255,0.2)",
        "borderRightWidth": 1,
        "flex": 2,
      }
    }
  >
    <Text
      accessible={true}
      allowFontScaling={true}
      ellipsizeMode="tail"
      style={
        Object {
          "color": "#fff",
          "fontSize": 12,
          "fontWeight": "700",
        }
      }
    >
      ACHIEVEMENTS
    </Text>
    <Text
      accessible={true}
      allowFontScaling={true}
      ellipsizeMode="tail"
      style={
        Object {
          "color": "#fff",
          "fontSize": 18,
        }
      }
    >
      5
    </Text>
  </View>
  <View
    style={
      Object {
        "alignItems": "center",
        "flex": 2,
      }
    }
  >
    <Text
      accessible={true}
      allowFontScaling={true}
      ellipsizeMode="tail"
      style={
        Object {
          "color": "#fff",
          "fontSize": 12,
          "fontWeight": "700",
        }
      }
    >
      FAVOURITES
    </Text>
    <Text
      accessible={true}
      allowFontScaling={true}
      ellipsizeMode="tail"
      style={
        Object {
          "color": "#fff",
          "fontSize": 18,
        }
      }
    >
      10
    </Text>
  </View>
</View>
`;
