// Jest Snapshot v1, https://goo.gl/fbAQLP

exports[`it renders correctly 1`] = `
<View>
  <Text
    accessible={true}
    allowFontScaling={false}
    ellipsizeMode="tail"
    onPress={[Function]}
    style={
      Array [
        Object {
          "color": undefined,
          "fontSize": 12,
        },
        Object {
          "backgroundColor": "transparent",
          "color": "#3D414B",
          "fontSize": 17,
          "padding": 10,
        },
        Object {
          "fontFamily": "nubabi",
          "fontStyle": "normal",
          "fontWeight": "normal",
        },
      ]
    }
  >
    Ó§Å
  </Text>
</View>
`;
