// Jest Snapshot v1, https://goo.gl/fbAQLP

exports[`it renders correctly 1`] = `
style = Object {
    "borderColor": "#9EABBC",
    "borderBottomWidth": 0,
    "borderLeftWidth": 0,
    "borderRightWidth": 0,
    "borderTopWidth": 0,
    "paddingBottom": 16,
    "paddingLeft": 16,
    "paddingRight": 16,
    "paddingTop": 16,
    "marginBottom": 16,
    "fontSize": 13,
    "lineHeight": 16,
    "color": "#748294",
    "fontFamily": "SF Pro Text",
    "fontWeight": "600",
    "flex": 1,
    "flexDirection": "row",
    "justifyContent": "space-around",
    "marginLeft": 16
}

<View
  style={
    Object {
      "borderBottomWidth": 1,
      "borderColor": "#E9ECF4",
      "borderLeftWidth": 0,
      "borderRightWidth": 0,
      "borderTopWidth": 0,
    }
  }
>
  <View
    style={
      Object {
        "borderBottomWidth": 0,
        "borderColor": "#9EABBC",
        "borderLeftWidth": 0,
        "borderRightWidth": 0,
        "borderTopWidth": 0,
        "paddingBottom": 16,
        "paddingLeft": 16,
        "paddingRight": 16,
        "paddingTop": 16,
      }
    }
  >
    <Text
      accessible={true}
      allowFontScaling={true}
      disabled={false}
      ellipsizeMode="tail"
      style={
        Object {
          "borderBottomWidth": 0,
          "borderColor": "#9EABBC",
          "borderLeftWidth": 0,
          "borderRightWidth": 0,
          "borderTopWidth": 0,
          "color": "#33B7EB",
          "fontFamily": "SF Pro Text",
          "fontSize": 13,
          "fontWeight": "600",
          "lineHeight": 16,
          "marginBottom": 16,
        }
      }
    >
      EXPERT ADVICE BY
    </Text>
    <View
      style={
        Object {
          "borderBottomWidth": 0,
          "borderColor": "#9EABBC",
          "borderLeftWidth": 0,
          "borderRightWidth": 0,
          "borderTopWidth": 0,
          "flex": 1,
          "flexDirection": "row",
          "justifyContent": "center",
        }
      }
    >
      <Image
        borderRadius={23}
        source={
          Object {
            "uri": "http://example.com/person.png",
          }
        }
        style={
          Object {
            "height": 45,
            "width": 46,
          }
        }
      />
      <View
        style={
          Object {
            "borderBottomWidth": 0,
            "borderColor": "#9EABBC",
            "borderLeftWidth": 0,
            "borderRightWidth": 0,
            "borderTopWidth": 0,
            "flex": 1,
            "justifyContent": "space-around",
            "marginLeft": 16,
          }
        }
      >
        <Text
          accessible={true}
          allowFontScaling={true}
          disabled={false}
          ellipsizeMode="tail"
          spacing={-0.39}
          style={
            Object {
              "borderBottomWidth": 0,
              "borderColor": "#9EABBC",
              "borderLeftWidth": 0,
              "borderRightWidth": 0,
              "borderTopWidth": 0,
              "color": "#454D56",
              "fontFamily": "SF Pro Text",
              "fontSize": 13.866666666666667,
              "fontWeight": "600",
              "lineHeight": 16,
            }
          }
        >
          Test Expert
        </Text>
        <Text
          accessible={true}
          allowFontScaling={true}
          disabled={false}
          ellipsizeMode="tail"
          spacing={-0.39}
          style={
            Object {
              "borderBottomWidth": 0,
              "borderColor": "#9EABBC",
              "borderLeftWidth": 0,
              "borderRightWidth": 0,
              "borderTopWidth": 0,
              "color": "#748294",
              "fontFamily": "SF Pro Text",
              "fontSize": 13,
              "lineHeight": 16,
            }
          }
        >
          Test Doctor
        </Text>
      </View>
    </View>
  </View>
</View>
`;
