// Jest Snapshot v1, https://goo.gl/fbAQLP

exports[`it renders correctly 1`] = `
<View
  onLayout={[Function]}
  style={
    Object {
      "alignItems": "flex-start",
      "backgroundColor": "#FFFFFF",
      "borderBottomLeftRadius": 4,
      "borderBottomRightRadius": 4,
      "borderBottomWidth": 0,
      "borderColor": "#9EABBC",
      "borderLeftWidth": 0,
      "borderRightWidth": 0,
      "borderTopLeftRadius": 4,
      "borderTopRightRadius": 4,
      "borderTopWidth": 0,
      "flex": 1,
      "flexDirection": "row",
      "justifyContent": "center",
      "marginBottom": 16,
      "marginLeft": 16,
      "marginRight": 16,
      "marginTop": 16,
      "paddingBottom": 16,
      "paddingLeft": 16,
      "paddingRight": 16,
      "paddingTop": 16,
      "shadowColor": "#000",
      "shadowOffset": Object {
        "height": 1,
        "width": 0,
      },
      "shadowOpacity": 0.15,
      "shadowRadius": 3,
    }
  }
>
  <View
    style={
      Object {
        "alignSelf": "center",
        "borderBottomWidth": 0,
        "borderColor": "#9EABBC",
        "borderLeftWidth": 0,
        "borderRightWidth": 0,
        "borderTopWidth": 0,
        "marginRight": 16,
      }
    }
  >
    <Image
      source={1}
      style={
        Object {
          "height": 73,
          "width": 60,
        }
      }
    />
  </View>
  <View
    style={
      Object {
        "borderBottomWidth": 0,
        "borderColor": "#9EABBC",
        "borderLeftWidth": 0,
        "borderRightWidth": 0,
        "borderTopWidth": 0,
        "flex": 1,
        "justifyContent": "space-around",
      }
    }
  >
    <Text
      accessible={true}
      allowFontScaling={true}
      disabled={false}
      ellipsizeMode="tail"
      style={
        Object {
          "borderBottomWidth": 0,
          "borderColor": "#9EABBC",
          "borderLeftWidth": 0,
          "borderRightWidth": 0,
          "borderTopWidth": 0,
          "color": "#454D56",
          "fontFamily": "System",
          "fontSize": 14.791111111111112,
          "fontWeight": "600",
          "lineHeight": 20,
        }
      }
    >
      Please Note
    </Text>
    <Text
      accessible={true}
      allowFontScaling={true}
      disabled={false}
      ellipsizeMode="tail"
      style={
        Object {
          "borderBottomWidth": 0,
          "borderColor": "#9EABBC",
          "borderLeftWidth": 0,
          "borderRightWidth": 0,
          "borderTopWidth": 0,
          "color": "#748294",
          "fontFamily": "System",
          "fontSize": 13,
          "lineHeight": 17,
        }
      }
    >
      This information does not replace your health care provider and should you be concerned in any way, we recommend that you please consult with them or visit your nearest clinic.
    </Text>
  </View>
</View>
`;
