// Jest Snapshot v1, https://goo.gl/fbAQLP

exports[`it renders correctly 1`] = `
style = Object {}

<View
  style={
    Object {
      "backgroundColor": "#F8F9FC",
      "flex": 1,
      "marginTop": 0,
      "paddingTop": 20,
    }
  }
>
  <View
    style={
      Object {
        "flex": 1,
      }
    }
  >
    <View
      style={
        Object {
          "flex": 1,
          "transform": Array [
            Object {
              "rotateY": "0deg",
            },
            Object {
              "perspective": 2000,
            },
          ],
        }
      }
    >
      <View
        style={
          Object {
            "backgroundColor": "#fff",
            "borderRadius": 4,
            "marginLeft": 20,
            "marginRight": 20,
            "padding": 20,
            "shadowColor": "#000",
            "shadowOffset": Object {
              "height": 2,
              "width": 1,
            },
            "shadowOpacity": 0.1,
            "shadowRadius": 3,
          }
        }
      >
        <Text
          accessible={true}
          allowFontScaling={true}
          disabled={false}
          ellipsizeMode="tail"
          style={
            Object {
              "color": "#454D56",
              "fontSize": 18,
              "marginBottom": 20,
            }
          }
        >
          Our expert 
          Some
           says:
        </Text>
        <Image
          resizeMode="stretch"
          source={
            Object {
              "uri": "http://example.com/example.png",
            }
          }
          style={
            Object {
              "borderRadius": 20,
              "height": 40,
              "position": "absolute",
              "right": 10,
              "top": 10,
              "width": 40,
            }
          }
        />
        <Text
          accessible={true}
          allowFontScaling={true}
          disabled={false}
          ellipsizeMode="tail"
          style={
            Object {
              "color": "#6A7683",
              "fontSize": 16,
              "lineHeight": 26,
              "marginBottom": 10,
            }
          }
        >
          Some activity description
        </Text>
        <View
          style={
            Object {
              "borderColor": "#EDF1FA",
              "borderTopWidth": 1,
              "paddingTop": 10,
            }
          }
        >
          <Text
            accessible={true}
            allowFontScaling={true}
            disabled={false}
            ellipsizeMode="tail"
            style={
              Object {
                "color": "#748294",
                "fontSize": 14,
                "fontWeight": "500",
              }
            }
          >
            Some Expert
          </Text>
          <Text
            accessible={true}
            allowFontScaling={true}
            disabled={false}
            ellipsizeMode="tail"
            style={
              Object {
                "color": "#748294",
                "fontSize": 14,
                "marginTop": 4,
              }
            }
          >
            Some Discipline
          </Text>
          <View
            accessibilityComponentType={undefined}
            accessibilityLabel={undefined}
            accessibilityTraits={undefined}
            accessible={true}
            hitSlop={undefined}
            isTVSelectable={true}
            nativeID={undefined}
            onLayout={undefined}
            onResponderGrant={[Function]}
            onResponderMove={[Function]}
            onResponderRelease={[Function]}
            onResponderTerminate={[Function]}
            onResponderTerminationRequest={[Function]}
            onStartShouldSetResponder={[Function]}
            style={
              Object {
                "alignItems": "flex-end",
                "height": 20,
                "justifyContent": "flex-end",
                "opacity": 1,
                "position": "absolute",
                "right": 10,
                "top": 20,
                "width": 20,
              }
            }
            testID={undefined}
            tvParallaxProperties={undefined}
          >
            <Text
              accessible={true}
              allowFontScaling={false}
              disabled={false}
              ellipsizeMode="tail"
              style={
                Array [
                  Object {
                    "color": "#EA3154",
                    "fontSize": 24,
                  },
                  undefined,
                  Object {
                    "fontFamily": "Ionicons",
                    "fontStyle": "normal",
                    "fontWeight": "normal",
                  },
                ]
              }
            >
              ïŒ‘
            </Text>
          </View>
        </View>
      </View>
    </View>
  </View>
</View>
`;
