// Jest Snapshot v1, https://goo.gl/fbAQLP

exports[`it renders correctly 1`] = `
style = Object {}

<View
  style={
    Object {
      "flex": 1,
    }
  }
>
  <View
    style={
      Object {
        "alignItems": "center",
        "backgroundColor": "rgb(116, 130, 148)",
        "bottom": 0,
        "flex": 1,
        "justifyContent": "center",
        "left": 0,
        "opacity": 0.4,
        "position": "absolute",
        "right": 0,
        "top": 0,
      }
    }
  />
  <View
    style={
      Array [
        Object {
          "alignItems": "center",
          "alignSelf": "stretch",
          "backgroundColor": "transparent",
          "flex": 1,
          "flexDirection": "column",
          "justifyContent": "center",
        },
        Object {},
      ]
    }
  >
    <Text
      accessible={true}
      allowFontScaling={true}
      disabled={false}
      ellipsizeMode="tail"
    >
      Some text
    </Text>
  </View>
</View>
`;

exports[`it renders correctly without children 1`] = `
style = Object {}

<View
  style={
    Object {
      "flex": 1,
    }
  }
>
  <View
    style={
      Object {
        "alignItems": "center",
        "backgroundColor": "rgb(116, 130, 148)",
        "bottom": 0,
        "flex": 1,
        "justifyContent": "center",
        "left": 0,
        "opacity": 0.4,
        "position": "absolute",
        "right": 0,
        "top": 0,
      }
    }
  />
</View>
`;
