// Jest Snapshot v1, https://goo.gl/fbAQLP

exports[`it renders correctly 1`] = `
style = Object {
    "borderColor": "#9EABBC",
    "borderBottomWidth": 0,
    "borderLeftWidth": 0,
    "borderRightWidth": 0,
    "borderTopWidth": 0,
    "flexDirection": "row",
    "justifyContent": "center",
    "paddingBottom": 8,
    "paddingLeft": 16,
    "paddingRight": 16,
    "paddingTop": 8,
    "alignItems": "center",
    "backgroundColor": "#E9ECF4",
    "borderRadius": 16,
    "fontSize": 13,
    "lineHeight": 16,
    "color": "#748294",
    "fontFamily": "System",
    "fontWeight": "600"
}

<View
  style={
    Object {
      "borderBottomWidth": 0,
      "borderColor": "#9EABBC",
      "borderLeftWidth": 0,
      "borderRightWidth": 0,
      "borderTopWidth": 0,
      "flexDirection": "row",
      "justifyContent": "flex-end",
    }
  }
>
  <View
    style={
      Object {
        "alignItems": "center",
        "backgroundColor": "#E9ECF4",
        "borderBottomWidth": 0,
        "borderColor": "#9EABBC",
        "borderLeftWidth": 0,
        "borderRadius": 16,
        "borderRightWidth": 0,
        "borderTopWidth": 0,
        "justifyContent": "center",
        "paddingBottom": 8,
        "paddingLeft": 16,
        "paddingRight": 16,
        "paddingTop": 8,
      }
    }
  >
    <Text
      accessible={true}
      allowFontScaling={true}
      ellipsizeMode="tail"
      style={
        Object {
          "borderBottomWidth": 0,
          "borderColor": "#9EABBC",
          "borderLeftWidth": 0,
          "borderRightWidth": 0,
          "borderTopWidth": 0,
          "color": "#454D56",
          "fontFamily": "System",
          "fontSize": 13,
          "fontWeight": "600",
          "lineHeight": 16,
        }
      }
    >
      Months
    </Text>
  </View>
  <View
    accessibilityComponentType={undefined}
    accessibilityLabel={undefined}
    accessibilityTraits={undefined}
    accessible={true}
    hitSlop={undefined}
    isTVSelectable={true}
    onLayout={undefined}
    onResponderGrant={[Function]}
    onResponderMove={[Function]}
    onResponderRelease={[Function]}
    onResponderTerminate={[Function]}
    onResponderTerminationRequest={[Function]}
    onStartShouldSetResponder={[Function]}
    style={
      Object {
        "alignItems": "center",
        "borderBottomWidth": 0,
        "borderColor": "#9EABBC",
        "borderLeftWidth": 0,
        "borderRightWidth": 0,
        "borderTopWidth": 0,
        "justifyContent": "center",
        "opacity": 1,
        "paddingBottom": 8,
        "paddingLeft": 16,
        "paddingRight": 16,
        "paddingTop": 8,
      }
    }
    testID={undefined}
    tvParallaxProperties={undefined}
  >
    <Text
      accessible={true}
      allowFontScaling={true}
      ellipsizeMode="tail"
      style={
        Object {
          "borderBottomWidth": 0,
          "borderColor": "#9EABBC",
          "borderLeftWidth": 0,
          "borderRightWidth": 0,
          "borderTopWidth": 0,
          "color": "#748294",
          "fontFamily": "System",
          "fontSize": 13,
          "lineHeight": 16,
        }
      }
    >
      Weeks
    </Text>
  </View>
</View>
`;

exports[`it renders correctly 2`] = `
style = Object {
    "borderColor": "#9EABBC",
    "borderBottomWidth": 0,
    "borderLeftWidth": 0,
    "borderRightWidth": 0,
    "borderTopWidth": 0,
    "flexDirection": "row",
    "justifyContent": "center",
    "paddingBottom": 8,
    "paddingLeft": 16,
    "paddingRight": 16,
    "paddingTop": 8,
    "alignItems": "center",
    "backgroundColor": "#E9ECF4",
    "borderRadius": 16,
    "fontSize": 13,
    "lineHeight": 16,
    "color": "#748294",
    "fontFamily": "System",
    "fontWeight": "600"
}

<View
  style={
    Object {
      "borderBottomWidth": 0,
      "borderColor": "#9EABBC",
      "borderLeftWidth": 0,
      "borderRightWidth": 0,
      "borderTopWidth": 0,
      "flexDirection": "row",
      "justifyContent": "flex-end",
    }
  }
>
  <View
    style={
      Object {
        "alignItems": "center",
        "backgroundColor": "#E9ECF4",
        "borderBottomWidth": 0,
        "borderColor": "#9EABBC",
        "borderLeftWidth": 0,
        "borderRadius": 16,
        "borderRightWidth": 0,
        "borderTopWidth": 0,
        "justifyContent": "center",
        "paddingBottom": 8,
        "paddingLeft": 16,
        "paddingRight": 16,
        "paddingTop": 8,
      }
    }
  >
    <Text
      accessible={true}
      allowFontScaling={true}
      ellipsizeMode="tail"
      style={
        Object {
          "borderBottomWidth": 0,
          "borderColor": "#9EABBC",
          "borderLeftWidth": 0,
          "borderRightWidth": 0,
          "borderTopWidth": 0,
          "color": "#454D56",
          "fontFamily": "System",
          "fontSize": 13,
          "fontWeight": "600",
          "lineHeight": 16,
        }
      }
    >
      cm
    </Text>
  </View>
  <View
    accessibilityComponentType={undefined}
    accessibilityLabel={undefined}
    accessibilityTraits={undefined}
    accessible={true}
    hitSlop={undefined}
    isTVSelectable={true}
    onLayout={undefined}
    onResponderGrant={[Function]}
    onResponderMove={[Function]}
    onResponderRelease={[Function]}
    onResponderTerminate={[Function]}
    onResponderTerminationRequest={[Function]}
    onStartShouldSetResponder={[Function]}
    style={
      Object {
        "alignItems": "center",
        "borderBottomWidth": 0,
        "borderColor": "#9EABBC",
        "borderLeftWidth": 0,
        "borderRightWidth": 0,
        "borderTopWidth": 0,
        "justifyContent": "center",
        "opacity": 1,
        "paddingBottom": 8,
        "paddingLeft": 16,
        "paddingRight": 16,
        "paddingTop": 8,
      }
    }
    testID={undefined}
    tvParallaxProperties={undefined}
  >
    <Text
      accessible={true}
      allowFontScaling={true}
      ellipsizeMode="tail"
      style={
        Object {
          "borderBottomWidth": 0,
          "borderColor": "#9EABBC",
          "borderLeftWidth": 0,
          "borderRightWidth": 0,
          "borderTopWidth": 0,
          "color": "#748294",
          "fontFamily": "System",
          "fontSize": 13,
          "lineHeight": 16,
        }
      }
    >
      in
    </Text>
  </View>
</View>
`;
