// Jest Snapshot v1, https://goo.gl/fbAQLP

exports[`it renders correctly 1`] = `
style = Object {
    "marginBottom": 32,
    "marginTop": 2,
    "borderColor": "#9EABBC",
    "borderBottomWidth": 0,
    "borderLeftWidth": 0,
    "borderRightWidth": 0,
    "borderTopWidth": 0,
    "alignItems": "flex-start",
    "justifyContent": "flex-start",
    "fontSize": 13,
    "lineHeight": 16,
    "color": "#FFFFFF",
    "fontFamily": "SF Pro Text",
    "flexDirection": "row",
    "backgroundColor": "white",
    "padding": 0,
    "margin": 0,
    "height": 18,
    "marginLeft": 8,
    "fontWeight": "500"
}

<View
  style={
    Object {
      "alignItems": "center",
      "borderBottomWidth": 0,
      "borderColor": "#9EABBC",
      "borderLeftWidth": 0,
      "borderRightWidth": 0,
      "borderTopWidth": 0,
      "justifyContent": "center",
      "marginBottom": 32,
      "marginTop": 32,
    }
  }
>
  <View
    style={
      Object {
        "borderBottomWidth": 0,
        "borderColor": "#9EABBC",
        "borderLeftWidth": 0,
        "borderRightWidth": 0,
        "borderTopWidth": 0,
      }
    }
  >
    <Text
      accessible={true}
      allowFontScaling={true}
      ellipsizeMode="tail"
      style={
        Object {
          "borderBottomWidth": 0,
          "borderColor": "#9EABBC",
          "borderLeftWidth": 0,
          "borderRightWidth": 0,
          "borderTopWidth": 0,
          "color": "#FFFFFF",
          "fontFamily": "SF Pro Text",
          "fontSize": 13,
          "lineHeight": 16,
        }
      }
    >
      OR
    </Text>
  </View>
  <View
    accessibilityComponentType={undefined}
    accessibilityLabel={undefined}
    accessibilityTraits={undefined}
    accessible={true}
    collapsable={undefined}
    hitSlop={undefined}
    isTVSelectable={true}
    nativeID={undefined}
    onLayout={undefined}
    onResponderGrant={[Function]}
    onResponderMove={[Function]}
    onResponderRelease={[Function]}
    onResponderTerminate={[Function]}
    onResponderTerminationRequest={[Function]}
    onStartShouldSetResponder={[Function]}
    style={
      Object {
        "alignItems": "center",
        "borderBottomWidth": 0,
        "borderColor": "#9EABBC",
        "borderLeftWidth": 0,
        "borderRightWidth": 0,
        "borderTopWidth": 0,
        "flexDirection": "row",
        "marginTop": 16,
        "opacity": 1,
      }
    }
    testID={undefined}
    tvParallaxProperties={undefined}
  >
    <View
      style={
        Object {
          "alignItems": "flex-start",
          "backgroundColor": "white",
          "borderBottomWidth": 0,
          "borderColor": "#9EABBC",
          "borderLeftWidth": 0,
          "borderRightWidth": 0,
          "borderTopWidth": 0,
          "height": 18,
          "justifyContent": "flex-start",
          "margin": 0,
          "marginTop": 5,
          "padding": 0,
        }
      }
    >
      <Text
        accessible={true}
        allowFontScaling={false}
        ellipsizeMode="tail"
        style={
          Array [
            Object {
              "color": "#3B5998",
              "fontSize": 24,
            },
            Object {
              "alignSelf": "stretch",
              "backgroundColor": "transparent",
              "margin": 0,
              "marginTop": -3,
              "padding": 0,
            },
            Object {
              "fontFamily": "Ionicons",
              "fontStyle": "normal",
              "fontWeight": "normal",
            },
          ]
        }
      >
        ïˆ¶
      </Text>
    </View>
    <Text
      accessible={true}
      allowFontScaling={true}
      ellipsizeMode="tail"
      style={
        Object {
          "borderBottomWidth": 0,
          "borderColor": "#9EABBC",
          "borderLeftWidth": 0,
          "borderRightWidth": 0,
          "borderTopWidth": 0,
          "color": "#FFFFFF",
          "fontFamily": "SF Pro Text",
          "fontSize": 13,
          "fontWeight": "500",
          "lineHeight": 16,
          "marginLeft": 8,
          "marginTop": 2,
        }
      }
    >
      Log In with Facebook
    </Text>
  </View>
</View>
`;
