// Jest Snapshot v1, https://goo.gl/fbAQLP

exports[`CurrentMeasurements 1`] = `
Object {
  "viewer": Object {
    "__typename": "Viewer",
    "baby": Object {
      "__typename": "Baby",
      "height": 133,
      "id": "QmFieTotS2xOdXRVeUFEbU5QQTlBQkh0Yw==",
      "weight": 7,
    },
  },
}
`;
