// Jest Snapshot v1, https://goo.gl/fbAQLP

exports[`it renders correctly 1`] = `
style = Object {
    "flex": 1,
    "borderColor": "#E9ECF4",
    "borderBottomWidth": 1,
    "borderLeftWidth": 0,
    "borderRightWidth": 0,
    "borderTopWidth": 0,
    "alignItems": "center",
    "flexWrap": "wrap",
    "justifyContent": "center",
    "backgroundColor": "#F8F9FC",
    "width": 375,
    "padding": 10,
    "marginTop": -8
}

<View
  style={
    Object {
      "alignItems": "center",
      "backgroundColor": "#F8F9FC",
      "borderBottomWidth": 1,
      "borderColor": "#E9ECF4",
      "borderLeftWidth": 0,
      "borderRightWidth": 0,
      "borderTopWidth": 0,
      "flex": 1,
      "flexWrap": "wrap",
      "justifyContent": "center",
      "marginTop": -8,
      "padding": 10,
      "width": 375,
    }
  }
>
  <Text
    accessible={true}
    allowFontScaling={true}
    disabled={false}
    ellipsizeMode="tail"
    style={
      Array [
        Object {
          "backgroundColor": "#33B7EB",
          "borderColor": "#33B7EB",
          "borderRadius": 10,
          "borderWidth": 1,
          "color": "#fff",
          "fontSize": 12,
          "marginTop": 5,
          "overflow": "hidden",
          "paddingBottom": 3,
          "paddingLeft": 10,
          "paddingRight": 10,
          "paddingTop": 3,
        },
        Object {
          "backgroundColor": "#fff",
          "borderColor": "#E9ECF4",
          "color": "#748294",
        },
      ]
    }
  >
    Sensory
  </Text>
  <Text
    accessible={true}
    allowFontScaling={true}
    disabled={false}
    ellipsizeMode="tail"
    style={
      Array [
        Object {
          "backgroundColor": "#33B7EB",
          "borderColor": "#33B7EB",
          "borderRadius": 10,
          "borderWidth": 1,
          "color": "#fff",
          "fontSize": 12,
          "marginTop": 5,
          "overflow": "hidden",
          "paddingBottom": 3,
          "paddingLeft": 10,
          "paddingRight": 10,
          "paddingTop": 3,
        },
        Object {
          "backgroundColor": "#fff",
          "borderColor": "#E9ECF4",
          "color": "#748294",
        },
      ]
    }
  >
    Another One
  </Text>
</View>
`;
